../Core/Src/BLDCMotor.cpp:10:1:BLDCMotor::BLDCMotor(uint8_t, double, AS5048B*, TIM_HandleTypeDef*)	32	static
../Core/Src/BLDCMotor.cpp:21:1:BLDCMotor::~BLDCMotor()	16	static
../Core/Src/BLDCMotor.cpp:21:1:virtual BLDCMotor::~BLDCMotor()	16	static
../Core/Src/BLDCMotor.cpp:26:5:int BLDCMotor::Init()	16	static
../Core/Src/BLDCMotor.cpp:31:6:void BLDCMotor::SetIqRef(double)	24	static
../Core/Src/BLDCMotor.cpp:36:6:void BLDCMotor::InverseParkTransform(double, double, double, double&, double&)	72	static
../Core/Src/BLDCMotor.cpp:45:6:void BLDCMotor::InverseClarkTransform(double, double, double&, double&, double&)	56	static
../Core/Src/BLDCMotor.cpp:54:6:void BLDCMotor::SVMGenerator(double, double, double&, double&, double&)	88	static
../Core/Src/BLDCMotor.cpp:125:6:void BLDCMotor::SetPWM(double, double, double)	72	static
../Core/Src/BLDCMotor.cpp:142:8:double BLDCMotor::Mech2Elec(double)	24	static
../Core/Src/BLDCMotor.cpp:147:5:int BLDCMotor::CalcElAngleOffset()	128	static
../Core/Src/BLDCMotor.cpp:188:8:double BLDCMotor::GetElAngle()	16	static
../Core/Src/BLDCMotor.cpp:193:6:void BLDCMotor::UpdateElAngle()	24	static
../Core/Src/BLDCMotor.cpp:200:6:void BLDCMotor::FOCLoop()	64	static
