/Applications/STM32CubeIDE.app/Contents/Eclipse/plugins/com.st.stm32cube.ide.mcu.externaltools.gnu-tools-for-stm32.10.3-2021.10.macos64_1.0.0.202111181127/tools/arm-none-eabi/include/c++/10.3.1/arm-none-eabi/thumb/v7e-m+fp/hard/bits/gthr-default.h:229:1:int __gthread_key_delete(__gthread_key_t)	16	static
../Core/Src/main.cpp:82:5:int main()	56	static
../Core/Src/main.cpp:151:6:void HAL_UART_RxHalfCpltCallback(UART_HandleTypeDef*)	16	static
../Core/Src/main.cpp:157:6:void HAL_UART_RxCpltCallback(UART_HandleTypeDef*)	16	static
../Core/Src/main.cpp:166:6:void HAL_UART_TxHalfCpltCallback(UART_HandleTypeDef*)	16	static
../Core/Src/main.cpp:172:6:void HAL_UART_TxCpltCallback(UART_HandleTypeDef*)	16	static
../Core/Src/main.cpp:178:6:void HAL_I2C_MasterRxCpltCallback(I2C_HandleTypeDef*)	16	static
../Core/Src/main.cpp:208:6:void SystemClock_Config()	88	static
../Core/Src/main.cpp:254:13:void MX_I2C1_Init()	8	static
../Core/Src/main.cpp:288:13:void MX_TIM1_Init()	96	static
../Core/Src/main.cpp:371:13:void MX_TIM5_Init()	64	static
../Core/Src/main.cpp:438:13:void MX_TIM6_Init()	16	static
../Core/Src/main.cpp:476:13:void MX_TIM7_Init()	16	static
../Core/Src/main.cpp:512:13:void MX_DMA_Init()	16	static
../Core/Src/main.cpp:540:13:void MX_USART2_UART_Init()	8	static
../Core/Src/main.cpp:574:13:void MX_GPIO_Init()	56	static
../Core/Src/main.cpp:612:6:void Error_Handler()	4	static,ignoring_inline_asm
../Core/Src/main.cpp:621:1:void __static_initialization_and_destruction_0(int, int)	16	static
../Core/Src/main.cpp:621:1:cpp)	8	static
../Core/Src/main.cpp:621:1:cpp)	8	static
