/Applications/STM32CubeIDE.app/Contents/Eclipse/plugins/com.st.stm32cube.ide.mcu.externaltools.gnu-tools-for-stm32.10.3-2021.10.macos64_1.0.0.202111181127/tools/arm-none-eabi/include/c++/10.3.1/arm-none-eabi/thumb/v7e-m+fp/hard/bits/gthr-default.h:229:1:int __gthread_key_delete(__gthread_key_t)	16	static
../Core/Src/stm32f4xx_it.cpp:75:6:void NMI_Handler()	4	static
../Core/Src/stm32f4xx_it.cpp:90:6:void HardFault_Handler()	4	static
../Core/Src/stm32f4xx_it.cpp:105:6:void MemManage_Handler()	4	static
../Core/Src/stm32f4xx_it.cpp:120:6:void BusFault_Handler()	4	static
../Core/Src/stm32f4xx_it.cpp:135:6:void UsageFault_Handler()	4	static
../Core/Src/stm32f4xx_it.cpp:150:6:void SVC_Handler()	4	static
../Core/Src/stm32f4xx_it.cpp:163:6:void DebugMon_Handler()	4	static
../Core/Src/stm32f4xx_it.cpp:176:6:void PendSV_Handler()	4	static
../Core/Src/stm32f4xx_it.cpp:189:6:void SysTick_Handler()	8	static
../Core/Src/stm32f4xx_it.cpp:210:6:void DMA1_Stream5_IRQHandler()	8	static
../Core/Src/stm32f4xx_it.cpp:224:6:void DMA1_Stream6_IRQHandler()	8	static
../Core/Src/stm32f4xx_it.cpp:238:6:void TIM1_UP_TIM10_IRQHandler()	8	static
../Core/Src/stm32f4xx_it.cpp:252:6:void I2C1_EV_IRQHandler()	8	static
../Core/Src/stm32f4xx_it.cpp:266:6:void I2C1_ER_IRQHandler()	8	static
../Core/Src/stm32f4xx_it.cpp:280:6:void USART2_IRQHandler()	8	static
../Core/Src/stm32f4xx_it.cpp:294:6:void TIM6_DAC_IRQHandler()	8	static
../Core/Src/stm32f4xx_it.cpp:308:6:void TIM7_IRQHandler()	8	static
