/Applications/STM32CubeIDE.app/Contents/Eclipse/plugins/com.st.stm32cube.ide.mcu.externaltools.gnu-tools-for-stm32.10.3-2021.10.macos64_1.0.0.202111181127/tools/arm-none-eabi/include/c++/10.3.1/arm-none-eabi/thumb/v7e-m+fp/hard/bits/gthr-default.h:229:1:int __gthread_key_delete(__gthread_key_t)	16	static
../Core/Src/stm32f4xx_hal_msp.cpp:72:6:void HAL_MspInit()	16	static
../Core/Src/stm32f4xx_hal_msp.cpp:96:6:void HAL_I2C_MspInit(I2C_HandleTypeDef*)	48	static
../Core/Src/stm32f4xx_hal_msp.cpp:175:6:void HAL_I2C_MspDeInit(I2C_HandleTypeDef*)	16	static
../Core/Src/stm32f4xx_hal_msp.cpp:213:6:void HAL_TIM_Base_MspInit(TIM_HandleTypeDef*)	32	static
../Core/Src/stm32f4xx_hal_msp.cpp:274:6:void HAL_TIM_MspPostInit(TIM_HandleTypeDef*)	48	static
../Core/Src/stm32f4xx_hal_msp.cpp:330:6:void HAL_TIM_Base_MspDeInit(TIM_HandleTypeDef*)	16	static
../Core/Src/stm32f4xx_hal_msp.cpp:397:6:void HAL_UART_MspInit(UART_HandleTypeDef*)	48	static
../Core/Src/stm32f4xx_hal_msp.cpp:473:6:void HAL_UART_MspDeInit(UART_HandleTypeDef*)	16	static
